[PanelView] Python process spawned
[PanelView] Executing command: "bot.story_graph.create_epic name:"Test""
TAP version 13
[PanelView] Command executed successfully
[PanelView] Executing command: "bot.story_graph.create_epic name:"New Epic""
# Subtest: TestCreateEpic
    # Subtest: test_panel_shows_create_epic_button_at_root
    ok 1 - test_panel_shows_create_epic_button_at_root
      ---
      duration_ms: 679.9465
      type: 'test'
      ...
[PanelView] Command executed successfully
[PanelView] Executing command: "bot.story_graph.create_epic name:"Duplicate""
    # Subtest: test_create_epic_validates_and_adds_to_graph
    ok 2 - test_create_epic_validates_and_adds_to_graph
      ---
      duration_ms: 427.8126
      type: 'test'
      ...
[PanelView] Command executed successfully
[PanelView] Executing command: "bot.story_graph.create_epic name:"New Epic""
    # Subtest: test_create_epic_duplicate_name_shows_warning
    ok 3 - test_create_epic_duplicate_name_shows_warning
      ---
      duration_ms: 476.7094
      type: 'test'
      ...
[PanelView] Command executed successfully
[PanelView] Executing command: "bot.story_graph.create_epic name:"TestEpic""
    # Subtest: test_create_epic_refreshes_tree
    ok 4 - test_create_epic_refreshes_tree
      ---
      duration_ms: 468.3149
      type: 'test'
      ...
    1..4
ok 1 - TestCreateEpic
  ---
  duration_ms: 2054.1483
  type: 'test'
  ...
[PanelView] Command executed successfully
[PanelView] Executing command: "bot.story_graph."TestEpic".create_sub_epic name:"Child""
[PanelView] Command executed successfully
[PanelView] Executing command: "bot.story_graph."NonExistent".create_sub_epic"
# Subtest: TestCreateChildStoryNodeUnderParent
    # Subtest: test_create_child_validates_parent_exists
    ok 1 - test_create_child_validates_parent_exists
      ---
      duration_ms: 971.3247
      type: 'test'
      ...
[PanelView] Command executed successfully
[PanelView] Executing command: "bot.story_graph.create_epic name:"DuplicateTestEpic""
    # Subtest: test_create_child_returns_error_for_nonexistent_parent
    ok 2 - test_create_child_returns_error_for_nonexistent_parent
      ---
      duration_ms: 708.5719
      type: 'test'
      ...
[PanelView] Command executed successfully
[PanelView] Executing command: "bot.story_graph."DuplicateTestEpic".create name:"Child1""
[PanelView] Command executed successfully
[PanelView] Executing command: "bot.story_graph."DuplicateTestEpic".create name:"Child1""
[PanelView] Command executed successfully
[PanelView] Executing command: "bot.story_graph.create_epic name:"OrderTestEpic""
    # Subtest: test_create_child_rejects_duplicate_name
    ok 3 - test_create_child_rejects_duplicate_name
      ---
      duration_ms: 1392.5812
      type: 'test'
      ...
[PanelView] Command executed successfully
[PanelView] Executing command: "status"
[PanelView] Command executed successfully
[PanelView] Executing command: "status"
    # Subtest: test_create_child_preserves_sibling_order
    not ok 4 - test_create_child_preserves_sibling_order
      ---
      duration_ms: 959.5769
      type: 'test'
      location: 'C:\\dev\\agile_bots\\test\\panel\\test_edit_story_graph_in_panel.js:310:13'
      failureType: 'testCodeFailure'
      error: 'Epic should exist after creation'
      code: 'ERR_ASSERTION'
      name: 'AssertionError'
      expected: true
      operator: '=='
      stack: |-
        TestContext.<anonymous> (C:\dev\agile_bots\test\panel\test_edit_story_graph_in_panel.js:331:16)
        process.processTicksAndRejections (node:internal/process/task_queues:105:5)
        async Test.run (node:internal/test_runner/test:1054:7)
        async TestContext.<anonymous> (C:\dev\agile_bots\test\panel\test_edit_story_graph_in_panel.js:310:5)
        async Test.run (node:internal/test_runner/test:1054:7)
        async Test.processPendingSubtests (node:internal/test_runner/test:744:7)
      ...
[PanelView] Command executed successfully
[PanelView] Executing command: "status"
    # Subtest: test_panel_shows_create_sub_epic_button_for_epic
    ok 5 - test_panel_shows_create_sub_epic_button_for_epic
      ---
      duration_ms: 452.388
      type: 'test'
      ...
[PanelView] Command executed successfully
[PanelView] Executing command: "status"
    # Subtest: test_panel_shows_both_buttons_for_empty_subepic
    ok 6 - test_panel_shows_both_buttons_for_empty_subepic
      ---
      duration_ms: 468.2475
      type: 'test'
      ...
[PanelView] Command executed successfully
[PanelView] Executing command: "status"
    # Subtest: test_panel_shows_subepic_button_only_when_has_subepics
    ok 7 - test_panel_shows_subepic_button_only_when_has_subepics
      ---
      duration_ms: 444.7663
      type: 'test'
      ...
[PanelView] Command executed successfully
[PanelView] Executing command: "status"
    # Subtest: test_panel_shows_story_button_only_when_has_stories
    ok 8 - test_panel_shows_story_button_only_when_has_stories
      ---
      duration_ms: 466.3081
      type: 'test'
      ...
[PanelView] Command executed successfully
[PanelView] Executing command: "bot.story_graph."User Management".create"
    # Subtest: test_panel_shows_scenario_buttons_for_story
    ok 9 - test_panel_shows_scenario_buttons_for_story
      ---
      duration_ms: 462.7716
      type: 'test'
      ...
[PanelView] Command executed successfully
[PanelView] Executing command: "status"
    # Subtest: test_create_child_auto_name_edit_mode
    not ok 10 - test_create_child_auto_name_edit_mode
      ---
      duration_ms: 482.0111
      type: 'test'
      location: 'C:\\dev\\agile_bots\\test\\panel\\test_edit_story_graph_in_panel.js:465:13'
      failureType: 'testCodeFailure'
      error: 'Should execute create command'
      code: 'ERR_ASSERTION'
      name: 'AssertionError'
      expected: true
      actual: false
      operator: '=='
      stack: |-
        TestContext.<anonymous> (C:\dev\agile_bots\test\panel\test_edit_story_graph_in_panel.js:483:16)
        process.processTicksAndRejections (node:internal/process/task_queues:105:5)
        async Test.run (node:internal/test_runner/test:1054:7)
        async TestContext.<anonymous> (C:\dev\agile_bots\test\panel\test_edit_story_graph_in_panel.js:465:5)
        async Test.run (node:internal/test_runner/test:1054:7)
        async Test.processPendingSubtests (node:internal/test_runner/test:744:7)
      ...
[PanelView] Command executed successfully
[PanelView] Executing command: "bot.story_graph.create_epic name:"DeleteTestEpic""
    # Subtest: test_duplicate_name_shows_warning_stays_in_edit
    ok 11 - test_duplicate_name_shows_warning_stays_in_edit
      ---
      duration_ms: 461.6479
      type: 'test'
      ...
    1..11
not ok 2 - TestCreateChildStoryNodeUnderParent
  ---
  duration_ms: 7272.3185
  type: 'test'
  location: 'C:\\dev\\agile_bots\\test\\panel\\test_edit_story_graph_in_panel.js:236:1'
  failureType: 'subtestsFailed'
  error: '2 subtests failed'
  code: 'ERR_TEST_FAILURE'
  ...
[PanelView] Command executed successfully
[PanelView] Executing command: "bot.story_graph."DeleteTestEpic".create name:"SubEpic1""
[PanelView] Command executed successfully
[PanelView] Executing command: "bot.story_graph."DeleteTestEpic".create name:"SubEpic2""
[PanelView] Command executed successfully
[PanelView] Executing command: "bot.story_graph."DeleteTestEpic".create name:"SubEpic3""
[PanelView] Command executed successfully
[PanelView] Executing command: "status"
[PanelView] Command executed successfully
[PanelView] Executing command: "bot.story_graph."NonExistent".delete"
# Subtest: TestDeleteStoryNodeFromParent
    # Subtest: test_delete_validates_node_exists_and_removes
    not ok 1 - test_delete_validates_node_exists_and_removes
      ---
      duration_ms: 2332.2252
      type: 'test'
      location: 'C:\\dev\\agile_bots\\test\\panel\\test_edit_story_graph_in_panel.js:514:13'
      failureType: 'testCodeFailure'
      error: "Cannot read properties of undefined (reading 'sub_epics')"
      code: 'ERR_TEST_FAILURE'
      name: 'TypeError'
      stack: |-
        TestContext.<anonymous> (C:\dev\agile_bots\test\panel\test_edit_story_graph_in_panel.js:548:33)
        process.processTicksAndRejections (node:internal/process/task_queues:105:5)
        async Test.run (node:internal/test_runner/test:1054:7)
        async TestContext.<anonymous> (C:\dev\agile_bots\test\panel\test_edit_story_graph_in_panel.js:514:5)
        async Test.run (node:internal/test_runner/test:1054:7)
        async Test.processPendingSubtests (node:internal/test_runner/test:744:7)
      ...
[PanelView] Command executed successfully
[PanelView] Executing command: "bot.story_graph.create_epic name:"RecursiveDeleteEpic""
    # Subtest: test_delete_returns_error_for_nonexistent_node
    not ok 2 - test_delete_returns_error_for_nonexistent_node
      ---
      duration_ms: 476.0255
      type: 'test'
      location: 'C:\\dev\\agile_bots\\test\\panel\\test_edit_story_graph_in_panel.js:577:13'
      failureType: 'testCodeFailure'
      error: 'System should return error for non-existent node'
      code: 'ERR_ASSERTION'
      name: 'AssertionError'
      expected: true
      actual: false
      operator: '=='
      stack: |-
        TestContext.<anonymous> (C:\dev\agile_bots\test\panel\test_edit_story_graph_in_panel.js:601:16)
        process.processTicksAndRejections (node:internal/process/task_queues:105:5)
        async Test.run (node:internal/test_runner/test:1054:7)
        async TestContext.<anonymous> (C:\dev\agile_bots\test\panel\test_edit_story_graph_in_panel.js:577:5)
        async Test.run (node:internal/test_runner/test:1054:7)
        async Test.processPendingSubtests (node:internal/test_runner/test:744:7)
      ...
[PanelView] Command executed successfully
[PanelView] Executing command: "bot.story_graph."RecursiveDeleteEpic".create name:"ParentSubEpic""
[PanelView] Command executed successfully
[PanelView] Executing command: "bot.story_graph."RecursiveDeleteEpic"."ParentSubEpic".create_story name:"ChildStory""
[PanelView] Command executed successfully
[PanelView] Executing command: "bot.story_graph."RecursiveDeleteEpic"."ParentSubEpic"."ChildStory".create_scenario name:"GrandchildScenario""
[PanelView] Command executed successfully
[PanelView] Executing command: "status"
